.\gradlew.bat : e: file:///C:/Users/gregt/.gemini/antigravity/scratch/JellyfinBroadcast/app/src/main/java/com/jellyfinb
roadcast/data/JellyfinManager.kt:23:37 Unresolved reference 'SocketInstance'.
Au caractère Ligne:1 : 159
+ ... OME = "C:\Android\Sdk"; .\gradlew.bat compileDebugKotlin 2>&1 | Where ...
+                             ~~~~~~~~~~~~~~~~~~~~~~~~~~~~~~~~~~~~~
    + CategoryInfo          : NotSpecified: (e: file:///C:/U...ocketInstance'.:String) [], RemoteException
    + FullyQualifiedErrorId : NativeCommandError
 
e: file:///C:/Users/gregt/.gemini/antigravity/scratch/JellyfinBroadcast/app/src/main/java/com/jellyfinbroadcast/data/Je
llyfinManager.kt:24:37 Unresolved reference 'addGeneralCommandsListener'.
e: file:///C:/Users/gregt/.gemini/antigravity/scratch/JellyfinBroadcast/app/src/main/java/com/jellyfinbroadcast/data/Je
llyfinManager.kt:25:37 Unresolved reference 'addPlayListener'.
e: file:///C:/Users/gregt/.gemini/antigravity/scratch/JellyfinBroadcast/app/src/main/java/com/jellyfinbroadcast/data/Je
llyfinManager.kt:26:37 Unresolved reference 'addPlayStateListener'.
e: file:///C:/Users/gregt/.gemini/antigravity/scratch/JellyfinBroadcast/app/src/main/java/com/jellyfinbroadcast/data/Je
llyfinManager.kt:48:33 Unresolved reference 'SocketInstance'.
e: file:///C:/Users/gregt/.gemini/antigravity/scratch/JellyfinBroadcast/app/src/main/java/com/jellyfinbroadcast/data/Je
llyfinManager.kt:179:46 Unresolved reference 'connect'.
e: file:///C:/Users/gregt/.gemini/antigravity/scratch/JellyfinBroadcast/app/src/main/java/com/jellyfinbroadcast/data/Je
llyfinManager.kt:183:58 Cannot infer type for this parameter. Please specify it explicitly.
e: file:///C:/Users/gregt/.gemini/antigravity/scratch/JellyfinBroadcast/app/src/main/java/com/jellyfinbroadcast/data/Je
llyfinManager.kt:184:70 Unresolved reference 'playCommand'.
e: file:///C:/Users/gregt/.gemini/antigravity/scratch/JellyfinBroadcast/app/src/main/java/com/jellyfinbroadcast/data/Je
llyfinManager.kt:184:101 Unresolved reference 'itemIds'.
e: file:///C:/Users/gregt/.gemini/antigravity/scratch/JellyfinBroadcast/app/src/main/java/com/jellyfinbroadcast/data/Je
llyfinManager.kt:185:39 Unresolved reference 'playCommand'.
e: file:///C:/Users/gregt/.gemini/antigravity/scratch/JellyfinBroadcast/app/src/main/java/com/jellyfinbroadcast/data/Je
llyfinManager.kt:187:51 Suspension functions can only be called within coroutine body.
e: file:///C:/Users/gregt/.gemini/antigravity/scratch/JellyfinBroadcast/app/src/main/java/com/jellyfinbroadcast/data/Je
llyfinManager.kt:190:59 Unresolved reference 'itemIds'.
e: file:///C:/Users/gregt/.gemini/antigravity/scratch/JellyfinBroadcast/app/src/main/java/com/jellyfinbroadcast/data/Je
llyfinManager.kt:191:70 Unresolved reference 'startPositionTicks'.
e: file:///C:/Users/gregt/.gemini/antigravity/scratch/JellyfinBroadcast/app/src/main/java/com/jellyfinbroadcast/data/Je
llyfinManager.kt:196:51 Suspension functions can only be called within coroutine body.
e: file:///C:/Users/gregt/.gemini/antigravity/scratch/JellyfinBroadcast/app/src/main/java/com/jellyfinbroadcast/data/Je
llyfinManager.kt:199:59 Unresolved reference 'itemIds'.
e: file:///C:/Users/gregt/.gemini/antigravity/scratch/JellyfinBroadcast/app/src/main/java/com/jellyfinbroadcast/data/Je
llyfinManager.kt:200:70 Unresolved reference 'startPositionTicks'.
e: file:///C:/Users/gregt/.gemini/antigravity/scratch/JellyfinBroadcast/app/src/main/java/com/jellyfinbroadcast/data/Je
llyfinManager.kt:209:63 Cannot infer type for this parameter. Please specify it explicitly.
e: file:///C:/Users/gregt/.gemini/antigravity/scratch/JellyfinBroadcast/app/src/main/java/com/jellyfinbroadcast/data/Je
llyfinManager.kt:210:75 Unresolved reference 'command'.
e: file:///C:/Users/gregt/.gemini/antigravity/scratch/JellyfinBroadcast/app/src/main/java/com/jellyfinbroadcast/data/Je
llyfinManager.kt:211:39 Unresolved reference 'command'.
e: file:///C:/Users/gregt/.gemini/antigravity/scratch/JellyfinBroadcast/app/src/main/java/com/jellyfinbroadcast/data/Je
llyfinManager.kt:213:51 Suspension functions can only be called within coroutine body.
e: file:///C:/Users/gregt/.gemini/antigravity/scratch/JellyfinBroadcast/app/src/main/java/com/jellyfinbroadcast/data/Je
llyfinManager.kt:216:51 Suspension functions can only be called within coroutine body.
e: file:///C:/Users/gregt/.gemini/antigravity/scratch/JellyfinBroadcast/app/src/main/java/com/jellyfinbroadcast/data/Je
llyfinManager.kt:219:51 Suspension functions can only be called within coroutine body.
e: file:///C:/Users/gregt/.gemini/antigravity/scratch/JellyfinBroadcast/app/src/main/java/com/jellyfinbroadcast/data/Je
llyfinManager.kt:224:51 Suspension functions can only be called within coroutine body.
e: file:///C:/Users/gregt/.gemini/antigravity/scratch/JellyfinBroadcast/app/src/main/java/com/jellyfinbroadcast/data/Je
llyfinManager.kt:227:70 Unresolved reference 'seekPositionTicks'.
e: file:///C:/Users/gregt/.gemini/antigravity/scratch/JellyfinBroadcast/app/src/main/java/com/jellyfinbroadcast/data/Je
llyfinManager.kt:231:88 Unresolved reference 'command'.
e: file:///C:/Users/gregt/.gemini/antigravity/scratch/JellyfinBroadcast/app/src/main/java/com/jellyfinbroadcast/data/Je
llyfinManager.kt:237:69 Cannot infer type for this parameter. Please specify it explicitly.
e: file:///C:/Users/gregt/.gemini/antigravity/scratch/JellyfinBroadcast/app/src/main/java/com/jellyfinbroadcast/data/Je
llyfinManager.kt:238:72 Unresolved reference 'name'.
e: file:///C:/Users/gregt/.gemini/antigravity/scratch/JellyfinBroadcast/app/src/main/java/com/jellyfinbroadcast/data/Je
llyfinManager.kt:257:28 Unresolved reference 'reportSessionStart'.
e: file:///C:/Users/gregt/.gemini/antigravity/scratch/JellyfinBroadcast/app/src/main/java/com/jellyfinbroadcast/data/Je
llyfinManager.kt:281:38 Unresolved reference 'getItem'.
e: file:///C:/Users/gregt/.gemini/antigravity/scratch/JellyfinBroadcast/app/src/main/java/com/jellyfinbroadcast/data/Je
llyfinManager.kt:282:18 Unresolved reference 'type'.
